0 verbose cli /usr/local/bin/node /usr/local/bin/npm
1 info using npm@11.16.0
2 info using node@v24.18.0
3 silly config load:file:/usr/local/lib/node_modules/npm/npmrc
4 silly config load:file:/Users/filipsulc/Documents/efgen/.npmrc
5 silly config load:file:/Users/filipsulc/.npmrc
6 silly config load:file:/usr/local/etc/npmrc
7 verbose title npm run build
8 verbose argv "run" "build" "--cache" "x"
9 verbose logfile logs-max:10 dir:/Users/filipsulc/Documents/efgen/x/_logs/2026-10-06T20_30_23_315Z-
10 verbose logfile /Users/filipsulc/Documents/efgen/x/_logs/2026-10-06T20_30_23_315Z-debug-0.log
11 silly logfile done cleaning log files
12 http fetch GET 200 https://registry.npmjs.org/npm 265ms
13 verbose cwd /Users/filipsulc/Documents/efgen
14 verbose os Darwin 25.5.0
15 verbose node v24.18.0
16 verbose npm  v11.16.0
17 notice
17 notice New major version of npm available! 11.16.0 -> 12.2.0
17 notice Changelog: https://github.com/npm/cli/releases/tag/v12.2.0
17 notice To update run: npm install -g npm@12.2.0
17 notice  { force: true, Symbol(proc-log.meta): true }
18 verbose exit 0
19 info ok
